ARM GAS  C:\Users\Dmytro\AppData\Local\Temp\ccKVRZAx.s 			page 1


   1              		.cpu cortex-m0
   2              		.fpu softvfp
   3              		.eabi_attribute 20, 1
   4              		.eabi_attribute 21, 1
   5              		.eabi_attribute 23, 3
   6              		.eabi_attribute 24, 1
   7              		.eabi_attribute 25, 1
   8              		.eabi_attribute 26, 1
   9              		.eabi_attribute 30, 1
  10              		.eabi_attribute 34, 0
  11              		.eabi_attribute 18, 4
  12              		.code	16
  13              		.file	"cyfitter_cfg.c"
  14              		.text
  15              	.Ltext0:
  16              		.cfi_sections	.debug_frame
  17              		.section	.text.CYMEMZERO,"ax",%progbits
  18              		.align	2
  19              		.code	16
  20              		.thumb_func
  21              		.type	CYMEMZERO, %function
  22              	CYMEMZERO:
  23              	.LFB0:
  24              		.file 1 ".\\Generated_Source\\PSoC4\\cyfitter_cfg.c"
   1:.\Generated_Source\PSoC4/cyfitter_cfg.c **** /*******************************************************************************
   2:.\Generated_Source\PSoC4/cyfitter_cfg.c **** * File Name: cyfitter_cfg.c
   3:.\Generated_Source\PSoC4/cyfitter_cfg.c **** * 
   4:.\Generated_Source\PSoC4/cyfitter_cfg.c **** * PSoC Creator  3.3 CP3
   5:.\Generated_Source\PSoC4/cyfitter_cfg.c **** *
   6:.\Generated_Source\PSoC4/cyfitter_cfg.c **** * Description:
   7:.\Generated_Source\PSoC4/cyfitter_cfg.c **** * This file contains device initialization code.
   8:.\Generated_Source\PSoC4/cyfitter_cfg.c **** * Except for the user defined sections in CyClockStartupError(), this file should not be modified.
   9:.\Generated_Source\PSoC4/cyfitter_cfg.c **** * This file is automatically generated by PSoC Creator.
  10:.\Generated_Source\PSoC4/cyfitter_cfg.c **** *
  11:.\Generated_Source\PSoC4/cyfitter_cfg.c **** ********************************************************************************
  12:.\Generated_Source\PSoC4/cyfitter_cfg.c **** * Copyright (c) 2007-2016 Cypress Semiconductor.  All rights reserved.
  13:.\Generated_Source\PSoC4/cyfitter_cfg.c **** * You may use this file only in accordance with the license, terms, conditions, 
  14:.\Generated_Source\PSoC4/cyfitter_cfg.c **** * disclaimers, and limitations in the end user license agreement accompanying 
  15:.\Generated_Source\PSoC4/cyfitter_cfg.c **** * the software package with which this file was provided.
  16:.\Generated_Source\PSoC4/cyfitter_cfg.c **** ********************************************************************************/
  17:.\Generated_Source\PSoC4/cyfitter_cfg.c **** 
  18:.\Generated_Source\PSoC4/cyfitter_cfg.c **** #include <string.h>
  19:.\Generated_Source\PSoC4/cyfitter_cfg.c **** #include "cytypes.h"
  20:.\Generated_Source\PSoC4/cyfitter_cfg.c **** #include "cydevice_trm.h"
  21:.\Generated_Source\PSoC4/cyfitter_cfg.c **** #include "cyfitter.h"
  22:.\Generated_Source\PSoC4/cyfitter_cfg.c **** #include "CyLib.h"
  23:.\Generated_Source\PSoC4/cyfitter_cfg.c **** #include "CyLFClk.h"
  24:.\Generated_Source\PSoC4/cyfitter_cfg.c **** #include "cyfitter_cfg.h"
  25:.\Generated_Source\PSoC4/cyfitter_cfg.c **** 
  26:.\Generated_Source\PSoC4/cyfitter_cfg.c **** 
  27:.\Generated_Source\PSoC4/cyfitter_cfg.c **** #if defined(__GNUC__) || defined(__ARMCC_VERSION)
  28:.\Generated_Source\PSoC4/cyfitter_cfg.c ****     #define CYPACKED 
  29:.\Generated_Source\PSoC4/cyfitter_cfg.c ****     #define CYPACKED_ATTR __attribute__ ((packed))
  30:.\Generated_Source\PSoC4/cyfitter_cfg.c ****     #define CYALIGNED __attribute__ ((aligned))
  31:.\Generated_Source\PSoC4/cyfitter_cfg.c ****     #define CY_CFG_UNUSED __attribute__ ((unused))
  32:.\Generated_Source\PSoC4/cyfitter_cfg.c ****     #ifndef CY_CFG_SECTION
  33:.\Generated_Source\PSoC4/cyfitter_cfg.c ****         #define CY_CFG_SECTION __attribute__ ((section(".psocinit")))
ARM GAS  C:\Users\Dmytro\AppData\Local\Temp\ccKVRZAx.s 			page 2


  34:.\Generated_Source\PSoC4/cyfitter_cfg.c ****     #endif
  35:.\Generated_Source\PSoC4/cyfitter_cfg.c ****     
  36:.\Generated_Source\PSoC4/cyfitter_cfg.c ****     #if defined(__ARMCC_VERSION)
  37:.\Generated_Source\PSoC4/cyfitter_cfg.c ****         #define CY_CFG_MEMORY_BARRIER() __memory_changed()
  38:.\Generated_Source\PSoC4/cyfitter_cfg.c ****     #else
  39:.\Generated_Source\PSoC4/cyfitter_cfg.c ****         #define CY_CFG_MEMORY_BARRIER() __sync_synchronize()
  40:.\Generated_Source\PSoC4/cyfitter_cfg.c ****     #endif
  41:.\Generated_Source\PSoC4/cyfitter_cfg.c ****     
  42:.\Generated_Source\PSoC4/cyfitter_cfg.c **** #elif defined(__ICCARM__)
  43:.\Generated_Source\PSoC4/cyfitter_cfg.c ****     #include <intrinsics.h>
  44:.\Generated_Source\PSoC4/cyfitter_cfg.c **** 
  45:.\Generated_Source\PSoC4/cyfitter_cfg.c ****     #define CYPACKED __packed
  46:.\Generated_Source\PSoC4/cyfitter_cfg.c ****     #define CYPACKED_ATTR 
  47:.\Generated_Source\PSoC4/cyfitter_cfg.c ****     #define CYALIGNED _Pragma("data_alignment=4")
  48:.\Generated_Source\PSoC4/cyfitter_cfg.c ****     #define CY_CFG_UNUSED _Pragma("diag_suppress=Pe177")
  49:.\Generated_Source\PSoC4/cyfitter_cfg.c ****     #define CY_CFG_SECTION _Pragma("location=\".psocinit\"")
  50:.\Generated_Source\PSoC4/cyfitter_cfg.c ****     
  51:.\Generated_Source\PSoC4/cyfitter_cfg.c ****     #define CY_CFG_MEMORY_BARRIER() __DMB()
  52:.\Generated_Source\PSoC4/cyfitter_cfg.c ****     
  53:.\Generated_Source\PSoC4/cyfitter_cfg.c **** #else
  54:.\Generated_Source\PSoC4/cyfitter_cfg.c ****     #error Unsupported toolchain
  55:.\Generated_Source\PSoC4/cyfitter_cfg.c **** #endif
  56:.\Generated_Source\PSoC4/cyfitter_cfg.c **** 
  57:.\Generated_Source\PSoC4/cyfitter_cfg.c **** 
  58:.\Generated_Source\PSoC4/cyfitter_cfg.c **** CY_CFG_UNUSED
  59:.\Generated_Source\PSoC4/cyfitter_cfg.c **** static void CYMEMZERO(void *s, size_t n);
  60:.\Generated_Source\PSoC4/cyfitter_cfg.c **** CY_CFG_UNUSED
  61:.\Generated_Source\PSoC4/cyfitter_cfg.c **** static void CYMEMZERO(void *s, size_t n)
  62:.\Generated_Source\PSoC4/cyfitter_cfg.c **** {
  25              		.loc 1 62 0
  26              		.cfi_startproc
  27              	.LVL0:
  28 0000 08B5     		push	{r3, lr}
  29              		.cfi_def_cfa_offset 8
  30              		.cfi_offset 3, -8
  31              		.cfi_offset 14, -4
  32 0002 0A1C     		mov	r2, r1
  63:.\Generated_Source\PSoC4/cyfitter_cfg.c **** 	(void)memset(s, 0, n);
  33              		.loc 1 63 0
  34 0004 0021     		mov	r1, #0
  35              	.LVL1:
  36 0006 FFF7FEFF 		bl	memset
  37              	.LVL2:
  64:.\Generated_Source\PSoC4/cyfitter_cfg.c **** }
  38              		.loc 1 64 0
  39              		@ sp needed
  40 000a 08BD     		pop	{r3, pc}
  41              		.cfi_endproc
  42              	.LFE0:
  43              		.size	CYMEMZERO, .-CYMEMZERO
  44              		.section	.psocinit,"ax",%progbits
  45              		.align	2
  46              		.code	16
  47              		.thumb_func
  48              		.type	ClockSetup, %function
  49              	ClockSetup:
  50              	.LFB3:
ARM GAS  C:\Users\Dmytro\AppData\Local\Temp\ccKVRZAx.s 			page 3


  65:.\Generated_Source\PSoC4/cyfitter_cfg.c **** CY_CFG_UNUSED
  66:.\Generated_Source\PSoC4/cyfitter_cfg.c **** static void CYCONFIGCPY(void *dest, const void *src, size_t n);
  67:.\Generated_Source\PSoC4/cyfitter_cfg.c **** CY_CFG_UNUSED
  68:.\Generated_Source\PSoC4/cyfitter_cfg.c **** static void CYCONFIGCPY(void *dest, const void *src, size_t n)
  69:.\Generated_Source\PSoC4/cyfitter_cfg.c **** {
  70:.\Generated_Source\PSoC4/cyfitter_cfg.c **** 	(void)memcpy(dest, src, n);
  71:.\Generated_Source\PSoC4/cyfitter_cfg.c **** }
  72:.\Generated_Source\PSoC4/cyfitter_cfg.c **** CY_CFG_UNUSED
  73:.\Generated_Source\PSoC4/cyfitter_cfg.c **** static void CYCONFIGCPYCODE(void *dest, const void *src, size_t n);
  74:.\Generated_Source\PSoC4/cyfitter_cfg.c **** CY_CFG_UNUSED
  75:.\Generated_Source\PSoC4/cyfitter_cfg.c **** static void CYCONFIGCPYCODE(void *dest, const void *src, size_t n)
  76:.\Generated_Source\PSoC4/cyfitter_cfg.c **** {
  77:.\Generated_Source\PSoC4/cyfitter_cfg.c **** 	(void)memcpy(dest, src, n);
  78:.\Generated_Source\PSoC4/cyfitter_cfg.c **** }
  79:.\Generated_Source\PSoC4/cyfitter_cfg.c **** 
  80:.\Generated_Source\PSoC4/cyfitter_cfg.c **** 
  81:.\Generated_Source\PSoC4/cyfitter_cfg.c **** 
  82:.\Generated_Source\PSoC4/cyfitter_cfg.c **** /* Clock startup error codes                                                   */
  83:.\Generated_Source\PSoC4/cyfitter_cfg.c **** #define CYCLOCKSTART_NO_ERROR    0u
  84:.\Generated_Source\PSoC4/cyfitter_cfg.c **** #define CYCLOCKSTART_XTAL_ERROR  1u
  85:.\Generated_Source\PSoC4/cyfitter_cfg.c **** #define CYCLOCKSTART_32KHZ_ERROR 2u
  86:.\Generated_Source\PSoC4/cyfitter_cfg.c **** #define CYCLOCKSTART_PLL_ERROR   3u
  87:.\Generated_Source\PSoC4/cyfitter_cfg.c **** 
  88:.\Generated_Source\PSoC4/cyfitter_cfg.c **** #ifdef CY_NEED_CYCLOCKSTARTUPERROR
  89:.\Generated_Source\PSoC4/cyfitter_cfg.c **** /*******************************************************************************
  90:.\Generated_Source\PSoC4/cyfitter_cfg.c **** * Function Name: CyClockStartupError
  91:.\Generated_Source\PSoC4/cyfitter_cfg.c **** ********************************************************************************
  92:.\Generated_Source\PSoC4/cyfitter_cfg.c **** * Summary:
  93:.\Generated_Source\PSoC4/cyfitter_cfg.c **** *  If an error is encountered during clock configuration (crystal startup error,
  94:.\Generated_Source\PSoC4/cyfitter_cfg.c **** *  PLL lock error, etc.), the system will end up here.  Unless reimplemented by
  95:.\Generated_Source\PSoC4/cyfitter_cfg.c **** *  the customer, this function will stop in an infinite loop.
  96:.\Generated_Source\PSoC4/cyfitter_cfg.c **** *
  97:.\Generated_Source\PSoC4/cyfitter_cfg.c **** * Parameters:
  98:.\Generated_Source\PSoC4/cyfitter_cfg.c **** *   void
  99:.\Generated_Source\PSoC4/cyfitter_cfg.c **** *
 100:.\Generated_Source\PSoC4/cyfitter_cfg.c **** * Return:
 101:.\Generated_Source\PSoC4/cyfitter_cfg.c **** *   void
 102:.\Generated_Source\PSoC4/cyfitter_cfg.c **** *
 103:.\Generated_Source\PSoC4/cyfitter_cfg.c **** *******************************************************************************/
 104:.\Generated_Source\PSoC4/cyfitter_cfg.c **** CY_CFG_UNUSED
 105:.\Generated_Source\PSoC4/cyfitter_cfg.c **** static void CyClockStartupError(uint8 errorCode);
 106:.\Generated_Source\PSoC4/cyfitter_cfg.c **** CY_CFG_UNUSED
 107:.\Generated_Source\PSoC4/cyfitter_cfg.c **** static void CyClockStartupError(uint8 errorCode)
 108:.\Generated_Source\PSoC4/cyfitter_cfg.c **** {
 109:.\Generated_Source\PSoC4/cyfitter_cfg.c ****     /* To remove the compiler warning if errorCode not used.                */
 110:.\Generated_Source\PSoC4/cyfitter_cfg.c ****     errorCode = errorCode;
 111:.\Generated_Source\PSoC4/cyfitter_cfg.c **** 
 112:.\Generated_Source\PSoC4/cyfitter_cfg.c ****     /* `#START CyClockStartupError` */
 113:.\Generated_Source\PSoC4/cyfitter_cfg.c **** 
 114:.\Generated_Source\PSoC4/cyfitter_cfg.c ****     /* If we have a clock startup error (bad MHz crystal, PLL lock, etc.),  */
 115:.\Generated_Source\PSoC4/cyfitter_cfg.c ****     /* we will end up here to allow the customer to implement something to  */
 116:.\Generated_Source\PSoC4/cyfitter_cfg.c ****     /* deal with the clock condition.                                       */
 117:.\Generated_Source\PSoC4/cyfitter_cfg.c **** 
 118:.\Generated_Source\PSoC4/cyfitter_cfg.c ****     /* `#END` */
 119:.\Generated_Source\PSoC4/cyfitter_cfg.c **** 
 120:.\Generated_Source\PSoC4/cyfitter_cfg.c ****     /* If nothing else, stop here since the clocks have not started         */
 121:.\Generated_Source\PSoC4/cyfitter_cfg.c ****     /* correctly.                                                           */
ARM GAS  C:\Users\Dmytro\AppData\Local\Temp\ccKVRZAx.s 			page 4


 122:.\Generated_Source\PSoC4/cyfitter_cfg.c ****     while(1) {}
 123:.\Generated_Source\PSoC4/cyfitter_cfg.c **** }
 124:.\Generated_Source\PSoC4/cyfitter_cfg.c **** #endif
 125:.\Generated_Source\PSoC4/cyfitter_cfg.c **** 
 126:.\Generated_Source\PSoC4/cyfitter_cfg.c **** 
 127:.\Generated_Source\PSoC4/cyfitter_cfg.c **** 
 128:.\Generated_Source\PSoC4/cyfitter_cfg.c **** /*******************************************************************************
 129:.\Generated_Source\PSoC4/cyfitter_cfg.c **** * Function Name: ClockSetup
 130:.\Generated_Source\PSoC4/cyfitter_cfg.c **** ********************************************************************************
 131:.\Generated_Source\PSoC4/cyfitter_cfg.c **** *
 132:.\Generated_Source\PSoC4/cyfitter_cfg.c **** * Summary:
 133:.\Generated_Source\PSoC4/cyfitter_cfg.c **** *   Performs the initialization of all of the clocks in the device based on the
 134:.\Generated_Source\PSoC4/cyfitter_cfg.c **** *   settings in the Clock tab of the DWR.  This includes enabling the requested
 135:.\Generated_Source\PSoC4/cyfitter_cfg.c **** *   clocks and setting the necessary dividers to produce the desired frequency. 
 136:.\Generated_Source\PSoC4/cyfitter_cfg.c **** *
 137:.\Generated_Source\PSoC4/cyfitter_cfg.c **** * Parameters:
 138:.\Generated_Source\PSoC4/cyfitter_cfg.c **** *   void
 139:.\Generated_Source\PSoC4/cyfitter_cfg.c **** *
 140:.\Generated_Source\PSoC4/cyfitter_cfg.c **** * Return:
 141:.\Generated_Source\PSoC4/cyfitter_cfg.c **** *   void
 142:.\Generated_Source\PSoC4/cyfitter_cfg.c **** *
 143:.\Generated_Source\PSoC4/cyfitter_cfg.c **** *******************************************************************************/
 144:.\Generated_Source\PSoC4/cyfitter_cfg.c **** static void ClockSetup(void);
 145:.\Generated_Source\PSoC4/cyfitter_cfg.c **** CY_CFG_SECTION
 146:.\Generated_Source\PSoC4/cyfitter_cfg.c **** static void ClockSetup(void)
 147:.\Generated_Source\PSoC4/cyfitter_cfg.c **** {
  51              		.loc 1 147 0
  52              		.cfi_startproc
  53 0000 38B5     		push	{r3, r4, r5, lr}
  54              		.cfi_def_cfa_offset 16
  55              		.cfi_offset 3, -16
  56              		.cfi_offset 4, -12
  57              		.cfi_offset 5, -8
  58              		.cfi_offset 14, -4
 148:.\Generated_Source\PSoC4/cyfitter_cfg.c **** 	/* Enable HALF_EN before trimming for the flash accelerator. */
 149:.\Generated_Source\PSoC4/cyfitter_cfg.c **** 	CY_SET_REG32((void CYXDATA *)(CYREG_CLK_SELECT), (CY_GET_REG32((void *)CYREG_CLK_SELECT) | 0x00040
  59              		.loc 1 149 0
  60 0002 0F4C     		ldr	r4, .L3
  61 0004 2368     		ldr	r3, [r4]
  62 0006 8022     		mov	r2, #128
  63 0008 D202     		lsl	r2, r2, #11
  64 000a 1343     		orr	r3, r2
  65 000c 2360     		str	r3, [r4]
 150:.\Generated_Source\PSoC4/cyfitter_cfg.c **** 
 151:.\Generated_Source\PSoC4/cyfitter_cfg.c **** 	/* Setup and trim IMO based on desired frequency. */
 152:.\Generated_Source\PSoC4/cyfitter_cfg.c **** 	CySysClkWriteImoFreq(24u);
  66              		.loc 1 152 0
  67 000e 1820     		mov	r0, #24
  68 0010 FFF7FEFF 		bl	CySysClkWriteImoFreq
  69              	.LVL3:
 153:.\Generated_Source\PSoC4/cyfitter_cfg.c **** 
 154:.\Generated_Source\PSoC4/cyfitter_cfg.c **** 	/* Disable HALF_EN since it is not required at this IMO frequency. */
 155:.\Generated_Source\PSoC4/cyfitter_cfg.c **** 	CY_SET_REG32((void CYXDATA *)(CYREG_CLK_SELECT), (CY_GET_REG32((void *)CYREG_CLK_SELECT) & 0xFFFBF
  70              		.loc 1 155 0
  71 0014 2268     		ldr	r2, [r4]
  72 0016 0B4B     		ldr	r3, .L3+4
  73 0018 1340     		and	r3, r2
ARM GAS  C:\Users\Dmytro\AppData\Local\Temp\ccKVRZAx.s 			page 5


  74 001a 2360     		str	r3, [r4]
 156:.\Generated_Source\PSoC4/cyfitter_cfg.c **** 	/* CYDEV_CLK_ILO_CONFIG Starting address: CYDEV_CLK_ILO_CONFIG */
 157:.\Generated_Source\PSoC4/cyfitter_cfg.c **** 	CY_SET_XTND_REG32((void CYFAR *)(CYREG_CLK_ILO_CONFIG), 0x80000006u);
  75              		.loc 1 157 0
  76 001c 0A4A     		ldr	r2, .L3+8
  77 001e 0B4B     		ldr	r3, .L3+12
  78 0020 1A60     		str	r2, [r3]
 158:.\Generated_Source\PSoC4/cyfitter_cfg.c **** 
 159:.\Generated_Source\PSoC4/cyfitter_cfg.c **** 
 160:.\Generated_Source\PSoC4/cyfitter_cfg.c **** 	/* CYDEV_CLK_IMO_CONFIG Starting address: CYDEV_CLK_IMO_CONFIG */
 161:.\Generated_Source\PSoC4/cyfitter_cfg.c **** 	CY_SET_XTND_REG32((void CYFAR *)(CYREG_CLK_IMO_CONFIG), 0x80000000u);
  79              		.loc 1 161 0
  80 0022 063A     		sub	r2, r2, #6
  81 0024 0A4B     		ldr	r3, .L3+16
  82 0026 1A60     		str	r2, [r3]
 162:.\Generated_Source\PSoC4/cyfitter_cfg.c **** 
 163:.\Generated_Source\PSoC4/cyfitter_cfg.c **** 	/* CYDEV_CLK_SELECT Starting address: CYDEV_CLK_SELECT */
 164:.\Generated_Source\PSoC4/cyfitter_cfg.c **** 	CY_SET_XTND_REG32((void CYFAR *)(CYREG_CLK_SELECT), 0x00000000u);
  83              		.loc 1 164 0
  84 0028 0025     		mov	r5, #0
  85 002a 2560     		str	r5, [r4]
 165:.\Generated_Source\PSoC4/cyfitter_cfg.c **** 
 166:.\Generated_Source\PSoC4/cyfitter_cfg.c **** 	(void)CyIntSetVector(9u, &CySysWdtIsr);
  86              		.loc 1 166 0
  87 002c 0920     		mov	r0, #9
  88 002e 0949     		ldr	r1, .L3+20
  89 0030 FFF7FEFF 		bl	CyIntSetVector
  90              	.LVL4:
 167:.\Generated_Source\PSoC4/cyfitter_cfg.c **** 	CyIntEnable(9u);
  91              		.loc 1 167 0
  92 0034 0920     		mov	r0, #9
  93 0036 FFF7FEFF 		bl	CyIntEnable
  94              	.LVL5:
 168:.\Generated_Source\PSoC4/cyfitter_cfg.c **** 	CY_SET_XTND_REG32((void CYFAR *)(CYREG_WDT_CONFIG), 0x00000000u);
  95              		.loc 1 168 0
  96 003a 074B     		ldr	r3, .L3+24
  97 003c 1D60     		str	r5, [r3]
 169:.\Generated_Source\PSoC4/cyfitter_cfg.c **** }
  98              		.loc 1 169 0
  99              		@ sp needed
 100 003e 38BD     		pop	{r3, r4, r5, pc}
 101              	.L4:
 102              		.align	2
 103              	.L3:
 104 0040 00010B40 		.word	1074462976
 105 0044 FFFFFBFF 		.word	-262145
 106 0048 06000080 		.word	-2147483642
 107 004c 04010B40 		.word	1074462980
 108 0050 08010B40 		.word	1074462984
 109 0054 00000000 		.word	CySysWdtIsr
 110 0058 0C020B40 		.word	1074463244
 111              		.cfi_endproc
 112              	.LFE3:
 113              		.size	ClockSetup, .-ClockSetup
 114              		.align	2
 115              		.global	cyfitter_cfg
 116              		.code	16
ARM GAS  C:\Users\Dmytro\AppData\Local\Temp\ccKVRZAx.s 			page 6


 117              		.thumb_func
 118              		.type	cyfitter_cfg, %function
 119              	cyfitter_cfg:
 120              	.LFB5:
 170:.\Generated_Source\PSoC4/cyfitter_cfg.c **** 
 171:.\Generated_Source\PSoC4/cyfitter_cfg.c **** 
 172:.\Generated_Source\PSoC4/cyfitter_cfg.c **** /* Analog API Functions */
 173:.\Generated_Source\PSoC4/cyfitter_cfg.c **** 
 174:.\Generated_Source\PSoC4/cyfitter_cfg.c **** 
 175:.\Generated_Source\PSoC4/cyfitter_cfg.c **** /*******************************************************************************
 176:.\Generated_Source\PSoC4/cyfitter_cfg.c **** * Function Name: AnalogSetDefault
 177:.\Generated_Source\PSoC4/cyfitter_cfg.c **** ********************************************************************************
 178:.\Generated_Source\PSoC4/cyfitter_cfg.c **** *
 179:.\Generated_Source\PSoC4/cyfitter_cfg.c **** * Summary:
 180:.\Generated_Source\PSoC4/cyfitter_cfg.c **** *  Sets up the analog portions of the chip to default values based on chip
 181:.\Generated_Source\PSoC4/cyfitter_cfg.c **** *  configuration options from the project.
 182:.\Generated_Source\PSoC4/cyfitter_cfg.c **** *
 183:.\Generated_Source\PSoC4/cyfitter_cfg.c **** * Parameters:
 184:.\Generated_Source\PSoC4/cyfitter_cfg.c **** *  void
 185:.\Generated_Source\PSoC4/cyfitter_cfg.c **** *
 186:.\Generated_Source\PSoC4/cyfitter_cfg.c **** * Return:
 187:.\Generated_Source\PSoC4/cyfitter_cfg.c **** *  void
 188:.\Generated_Source\PSoC4/cyfitter_cfg.c **** *
 189:.\Generated_Source\PSoC4/cyfitter_cfg.c **** *******************************************************************************/
 190:.\Generated_Source\PSoC4/cyfitter_cfg.c **** static void AnalogSetDefault(void);
 191:.\Generated_Source\PSoC4/cyfitter_cfg.c **** static void AnalogSetDefault(void)
 192:.\Generated_Source\PSoC4/cyfitter_cfg.c **** {
 193:.\Generated_Source\PSoC4/cyfitter_cfg.c **** }
 194:.\Generated_Source\PSoC4/cyfitter_cfg.c **** 
 195:.\Generated_Source\PSoC4/cyfitter_cfg.c **** #define CY_AMUX_UNUSED CYREG_CM0_ROM_DWT
 196:.\Generated_Source\PSoC4/cyfitter_cfg.c **** 
 197:.\Generated_Source\PSoC4/cyfitter_cfg.c **** 
 198:.\Generated_Source\PSoC4/cyfitter_cfg.c **** /*******************************************************************************
 199:.\Generated_Source\PSoC4/cyfitter_cfg.c **** * Function Name: cyfitter_cfg
 200:.\Generated_Source\PSoC4/cyfitter_cfg.c **** ********************************************************************************
 201:.\Generated_Source\PSoC4/cyfitter_cfg.c **** * Summary:
 202:.\Generated_Source\PSoC4/cyfitter_cfg.c **** *  This function is called by the start-up code for the selected device. It
 203:.\Generated_Source\PSoC4/cyfitter_cfg.c **** *  performs all of the necessary device configuration based on the design
 204:.\Generated_Source\PSoC4/cyfitter_cfg.c **** *  settings.  This includes settings from the Design Wide Resources (DWR) such
 205:.\Generated_Source\PSoC4/cyfitter_cfg.c **** *  as Clocks and Pins as well as any component configuration that is necessary.
 206:.\Generated_Source\PSoC4/cyfitter_cfg.c **** *
 207:.\Generated_Source\PSoC4/cyfitter_cfg.c **** * Parameters:  
 208:.\Generated_Source\PSoC4/cyfitter_cfg.c **** *   void
 209:.\Generated_Source\PSoC4/cyfitter_cfg.c **** *
 210:.\Generated_Source\PSoC4/cyfitter_cfg.c **** * Return:
 211:.\Generated_Source\PSoC4/cyfitter_cfg.c **** *   void
 212:.\Generated_Source\PSoC4/cyfitter_cfg.c **** *
 213:.\Generated_Source\PSoC4/cyfitter_cfg.c **** *******************************************************************************/
 214:.\Generated_Source\PSoC4/cyfitter_cfg.c **** CY_CFG_SECTION
 215:.\Generated_Source\PSoC4/cyfitter_cfg.c **** void cyfitter_cfg(void)
 216:.\Generated_Source\PSoC4/cyfitter_cfg.c **** {
 121              		.loc 1 216 0
 122              		.cfi_startproc
 123 005c 10B5     		push	{r4, lr}
 124              		.cfi_def_cfa_offset 8
 125              		.cfi_offset 4, -8
 126              		.cfi_offset 14, -4
ARM GAS  C:\Users\Dmytro\AppData\Local\Temp\ccKVRZAx.s 			page 7


 217:.\Generated_Source\PSoC4/cyfitter_cfg.c **** 	/* Disable interrupts by default. Let user enable if/when they want. */
 218:.\Generated_Source\PSoC4/cyfitter_cfg.c **** 	CyGlobalIntDisable;
 127              		.loc 1 218 0
 128              	@ 218 ".\Generated_Source\PSoC4\cyfitter_cfg.c" 1
 129 005e 72B6     		CPSID   i
 130              	@ 0 "" 2
 131              	.LVL6:
 132              		.code	16
 133              	.LBB2:
 219:.\Generated_Source\PSoC4/cyfitter_cfg.c **** 
 220:.\Generated_Source\PSoC4/cyfitter_cfg.c **** 	{
 221:.\Generated_Source\PSoC4/cyfitter_cfg.c **** 
 222:.\Generated_Source\PSoC4/cyfitter_cfg.c **** 		CYPACKED typedef struct {
 223:.\Generated_Source\PSoC4/cyfitter_cfg.c **** 			void CYFAR *address;
 224:.\Generated_Source\PSoC4/cyfitter_cfg.c **** 			uint16 size;
 225:.\Generated_Source\PSoC4/cyfitter_cfg.c **** 		} CYPACKED_ATTR cfg_memset_t;
 226:.\Generated_Source\PSoC4/cyfitter_cfg.c **** 
 227:.\Generated_Source\PSoC4/cyfitter_cfg.c **** 		static const cfg_memset_t CYCODE cfg_memset_list [] = {
 228:.\Generated_Source\PSoC4/cyfitter_cfg.c **** 			/* address, size */
 229:.\Generated_Source\PSoC4/cyfitter_cfg.c **** 			{(void CYFAR *)(CYDEV_UDB_P0_U0_BASE), 1024u},
 230:.\Generated_Source\PSoC4/cyfitter_cfg.c **** 			{(void CYFAR *)(CYDEV_UDB_DSI0_BASE), 1024u},
 231:.\Generated_Source\PSoC4/cyfitter_cfg.c **** 		};
 232:.\Generated_Source\PSoC4/cyfitter_cfg.c **** 
 233:.\Generated_Source\PSoC4/cyfitter_cfg.c **** 		uint8 CYDATA i;
 234:.\Generated_Source\PSoC4/cyfitter_cfg.c **** 
 235:.\Generated_Source\PSoC4/cyfitter_cfg.c **** 		/* Zero out critical memory blocks before beginning configuration */
 236:.\Generated_Source\PSoC4/cyfitter_cfg.c **** 		for (i = 0u; i < (sizeof(cfg_memset_list)/sizeof(cfg_memset_list[0])); i++)
 134              		.loc 1 236 0
 135 0060 0024     		mov	r4, #0
 136 0062 10E0     		b	.L6
 137              	.LVL7:
 138              	.L7:
 139              	.LBB3:
 237:.\Generated_Source\PSoC4/cyfitter_cfg.c **** 		{
 238:.\Generated_Source\PSoC4/cyfitter_cfg.c **** 			const cfg_memset_t CYCODE * CYDATA ms = &cfg_memset_list[i];
 239:.\Generated_Source\PSoC4/cyfitter_cfg.c **** 			CYMEMZERO(ms->address, (size_t)(uint32)(ms->size));
 140              		.loc 1 239 0 discriminator 3
 141 0064 2148     		ldr	r0, .L8
 142 0066 6300     		lsl	r3, r4, #1
 143 0068 1A19     		add	r2, r3, r4
 144 006a 5200     		lsl	r2, r2, #1
 145 006c 8218     		add	r2, r0, r2
 146 006e 9188     		ldrh	r1, [r2, #4]
 147 0070 1B19     		add	r3, r3, r4
 148 0072 5B00     		lsl	r3, r3, #1
 149 0074 1A5A     		ldrh	r2, [r3, r0]
 150 0076 C318     		add	r3, r0, r3
 151 0078 5888     		ldrh	r0, [r3, #2]
 152 007a 0004     		lsl	r0, r0, #16
 153 007c 1043     		orr	r0, r2
 154 007e FFF7FEFF 		bl	CYMEMZERO
 155              	.LVL8:
 156              	.LBE3:
 236:.\Generated_Source\PSoC4/cyfitter_cfg.c **** 		{
 157              		.loc 1 236 0 discriminator 3
 158 0082 0134     		add	r4, r4, #1
 159              	.LVL9:
ARM GAS  C:\Users\Dmytro\AppData\Local\Temp\ccKVRZAx.s 			page 8


 160 0084 E4B2     		uxtb	r4, r4
 161              	.LVL10:
 162              	.L6:
 236:.\Generated_Source\PSoC4/cyfitter_cfg.c **** 		{
 163              		.loc 1 236 0 is_stmt 0 discriminator 1
 164 0086 012C     		cmp	r4, #1
 165 0088 ECD9     		bls	.L7
 240:.\Generated_Source\PSoC4/cyfitter_cfg.c **** 		}
 241:.\Generated_Source\PSoC4/cyfitter_cfg.c **** 
 242:.\Generated_Source\PSoC4/cyfitter_cfg.c **** 		/* HSIOM Starting address: CYDEV_HSIOM_BASE */
 243:.\Generated_Source\PSoC4/cyfitter_cfg.c **** 		CY_SET_XTND_REG32((void CYFAR *)(CYREG_HSIOM_PORT_SEL3), 0x0000EE00u);
 166              		.loc 1 243 0 is_stmt 1
 167 008a EE22     		mov	r2, #238
 168 008c 1202     		lsl	r2, r2, #8
 169 008e 184B     		ldr	r3, .L8+4
 170 0090 1A60     		str	r2, [r3]
 244:.\Generated_Source\PSoC4/cyfitter_cfg.c **** 
 245:.\Generated_Source\PSoC4/cyfitter_cfg.c **** 		/* UDB_PA_0 Starting address: CYDEV_UDB_PA0_BASE */
 246:.\Generated_Source\PSoC4/cyfitter_cfg.c **** 		CY_SET_XTND_REG32((void CYFAR *)(CYDEV_UDB_PA0_BASE), 0x00990000u);
 171              		.loc 1 246 0
 172 0092 9923     		mov	r3, #153
 173 0094 1B04     		lsl	r3, r3, #16
 174 0096 174A     		ldr	r2, .L8+8
 175 0098 1360     		str	r3, [r2]
 247:.\Generated_Source\PSoC4/cyfitter_cfg.c **** 
 248:.\Generated_Source\PSoC4/cyfitter_cfg.c **** 		/* UDB_PA_1 Starting address: CYDEV_UDB_PA1_BASE */
 249:.\Generated_Source\PSoC4/cyfitter_cfg.c **** 		CY_SET_XTND_REG32((void CYFAR *)(CYDEV_UDB_PA1_BASE), 0x00990000u);
 176              		.loc 1 249 0
 177 009a 174A     		ldr	r2, .L8+12
 178 009c 1360     		str	r3, [r2]
 250:.\Generated_Source\PSoC4/cyfitter_cfg.c **** 
 251:.\Generated_Source\PSoC4/cyfitter_cfg.c **** 		/* UDB_PA_2 Starting address: CYDEV_UDB_PA2_BASE */
 252:.\Generated_Source\PSoC4/cyfitter_cfg.c **** 		CY_SET_XTND_REG32((void CYFAR *)(CYDEV_UDB_PA2_BASE), 0x00990000u);
 179              		.loc 1 252 0
 180 009e 174A     		ldr	r2, .L8+16
 181 00a0 1360     		str	r3, [r2]
 253:.\Generated_Source\PSoC4/cyfitter_cfg.c **** 
 254:.\Generated_Source\PSoC4/cyfitter_cfg.c **** 		/* UDB_PA_3 Starting address: CYDEV_UDB_PA3_BASE */
 255:.\Generated_Source\PSoC4/cyfitter_cfg.c **** 		CY_SET_XTND_REG32((void CYFAR *)(CYDEV_UDB_PA3_BASE), 0x00990000u);
 182              		.loc 1 255 0
 183 00a2 174A     		ldr	r2, .L8+20
 184 00a4 1360     		str	r3, [r2]
 256:.\Generated_Source\PSoC4/cyfitter_cfg.c **** 
 257:.\Generated_Source\PSoC4/cyfitter_cfg.c **** 		/* Enable digital routing */
 258:.\Generated_Source\PSoC4/cyfitter_cfg.c **** 		CY_SET_XTND_REG8((void *)CYREG_UDB_UDBIF_BANK_CTL, CY_GET_XTND_REG8((void *)CYREG_UDB_UDBIF_BANK_
 185              		.loc 1 258 0
 186 00a6 174B     		ldr	r3, .L8+24
 187 00a8 1978     		ldrb	r1, [r3]
 188 00aa 0222     		mov	r2, #2
 189 00ac 0A43     		orr	r2, r1
 190 00ae 1A70     		strb	r2, [r3]
 259:.\Generated_Source\PSoC4/cyfitter_cfg.c **** 
 260:.\Generated_Source\PSoC4/cyfitter_cfg.c **** 		/* Enable UDB array */
 261:.\Generated_Source\PSoC4/cyfitter_cfg.c **** 		CY_SET_XTND_REG8((void *)CYREG_UDB_UDBIF_WAIT_CFG, (uint8)((CY_GET_XTND_REG8((void *)CYREG_UDB_UD
 191              		.loc 1 261 0
 192 00b0 1548     		ldr	r0, .L8+28
 193 00b2 0278     		ldrb	r2, [r0]
ARM GAS  C:\Users\Dmytro\AppData\Local\Temp\ccKVRZAx.s 			page 9


 194 00b4 3C21     		mov	r1, #60
 195 00b6 8A43     		bic	r2, r1
 196 00b8 2839     		sub	r1, r1, #40
 197 00ba 0A43     		orr	r2, r1
 198 00bc 0270     		strb	r2, [r0]
 262:.\Generated_Source\PSoC4/cyfitter_cfg.c **** 		CY_SET_XTND_REG8((void *)CYREG_UDB_UDBIF_BANK_CTL, (uint8)(CY_GET_XTND_REG8((void *)CYREG_UDB_UDB
 199              		.loc 1 262 0
 200 00be 1978     		ldrb	r1, [r3]
 201 00c0 1622     		mov	r2, #22
 202 00c2 0A43     		orr	r2, r1
 203 00c4 1A70     		strb	r2, [r3]
 204              	.LBE2:
 263:.\Generated_Source\PSoC4/cyfitter_cfg.c **** 	}
 264:.\Generated_Source\PSoC4/cyfitter_cfg.c **** 
 265:.\Generated_Source\PSoC4/cyfitter_cfg.c **** 	/* Perform second pass device configuration. These items must be configured in specific order afte
 266:.\Generated_Source\PSoC4/cyfitter_cfg.c **** 	/* IOPINS0_0 Starting address: CYDEV_PRT0_BASE */
 267:.\Generated_Source\PSoC4/cyfitter_cfg.c **** 	CY_SET_XTND_REG32((void CYFAR *)(CYREG_PRT0_PC), 0x00000006u);
 205              		.loc 1 267 0
 206 00c6 0623     		mov	r3, #6
 207 00c8 104A     		ldr	r2, .L8+32
 208 00ca 1360     		str	r3, [r2]
 268:.\Generated_Source\PSoC4/cyfitter_cfg.c **** 
 269:.\Generated_Source\PSoC4/cyfitter_cfg.c **** 	/* IOPINS0_1 Starting address: CYDEV_PRT1_BASE */
 270:.\Generated_Source\PSoC4/cyfitter_cfg.c **** 	CY_SET_XTND_REG32((void CYFAR *)(CYREG_PRT1_PC), 0x00000006u);
 209              		.loc 1 270 0
 210 00cc 104A     		ldr	r2, .L8+36
 211 00ce 1360     		str	r3, [r2]
 271:.\Generated_Source\PSoC4/cyfitter_cfg.c **** 
 272:.\Generated_Source\PSoC4/cyfitter_cfg.c **** 	/* IOPINS0_2 Starting address: CYDEV_PRT2_BASE */
 273:.\Generated_Source\PSoC4/cyfitter_cfg.c **** 	CY_SET_XTND_REG32((void CYFAR *)(CYREG_PRT2_PC), 0x00D80000u);
 212              		.loc 1 273 0
 213 00d0 D822     		mov	r2, #216
 214 00d2 1204     		lsl	r2, r2, #16
 215 00d4 0F4B     		ldr	r3, .L8+40
 216 00d6 1A60     		str	r2, [r3]
 274:.\Generated_Source\PSoC4/cyfitter_cfg.c **** 
 275:.\Generated_Source\PSoC4/cyfitter_cfg.c **** 	/* IOPINS0_3 Starting address: CYDEV_PRT3_BASE */
 276:.\Generated_Source\PSoC4/cyfitter_cfg.c **** 	CY_SET_XTND_REG32((void CYFAR *)(CYDEV_PRT3_BASE), 0x00000081u);
 217              		.loc 1 276 0
 218 00d8 8122     		mov	r2, #129
 219 00da 0F4B     		ldr	r3, .L8+44
 220 00dc 1A60     		str	r2, [r3]
 277:.\Generated_Source\PSoC4/cyfitter_cfg.c **** 	CY_SET_XTND_REG32((void CYFAR *)(CYREG_PRT3_PC), 0x00C30DB6u);
 221              		.loc 1 277 0
 222 00de 0F4A     		ldr	r2, .L8+48
 223 00e0 0F4B     		ldr	r3, .L8+52
 224 00e2 1A60     		str	r2, [r3]
 278:.\Generated_Source\PSoC4/cyfitter_cfg.c **** 
 279:.\Generated_Source\PSoC4/cyfitter_cfg.c **** 
 280:.\Generated_Source\PSoC4/cyfitter_cfg.c **** 	/* Setup clocks based on selections from Clock DWR */
 281:.\Generated_Source\PSoC4/cyfitter_cfg.c **** 	ClockSetup();
 225              		.loc 1 281 0
 226 00e4 FFF78CFF 		bl	ClockSetup
 227              	.LVL11:
 282:.\Generated_Source\PSoC4/cyfitter_cfg.c **** 
 283:.\Generated_Source\PSoC4/cyfitter_cfg.c **** 	/* Perform basic analog initialization to defaults */
 284:.\Generated_Source\PSoC4/cyfitter_cfg.c **** 	AnalogSetDefault();
ARM GAS  C:\Users\Dmytro\AppData\Local\Temp\ccKVRZAx.s 			page 10


 285:.\Generated_Source\PSoC4/cyfitter_cfg.c **** 
 286:.\Generated_Source\PSoC4/cyfitter_cfg.c **** }
 228              		.loc 1 286 0
 229              		@ sp needed
 230              	.LVL12:
 231 00e8 10BD     		pop	{r4, pc}
 232              	.L9:
 233 00ea C046     		.align	2
 234              	.L8:
 235 00ec 00000000 		.word	.LANCHOR0
 236 00f0 0C000140 		.word	1073807372
 237 00f4 00500F40 		.word	1074745344
 238 00f8 10500F40 		.word	1074745360
 239 00fc 20500F40 		.word	1074745376
 240 0100 30500F40 		.word	1074745392
 241 0104 00700F40 		.word	1074753536
 242 0108 01700F40 		.word	1074753537
 243 010c 08000440 		.word	1074003976
 244 0110 08010440 		.word	1074004232
 245 0114 08020440 		.word	1074004488
 246 0118 00030440 		.word	1074004736
 247 011c B60DC300 		.word	12783030
 248 0120 08030440 		.word	1074004744
 249              		.cfi_endproc
 250              	.LFE5:
 251              		.size	cyfitter_cfg, .-cyfitter_cfg
 252              		.section	.rodata
 253              		.align	2
 254              		.set	.LANCHOR0,. + 0
 255              		.type	cfg_memset_list.4723, %object
 256              		.size	cfg_memset_list.4723, 12
 257              	cfg_memset_list.4723:
 258 0000 00300F40 		.word	1074737152
 259 0004 0004     		.short	1024
 260 0006 00400F40 		.4byte	1074741248
 261 000a 0004     		.short	1024
 262              		.text
 263              	.Letext0:
 264              		.file 2 "c:\\program files (x86)\\cypress\\psoc creator\\3.3\\psoc creator\\import\\gnu\\arm\\4.9.
 265              		.file 3 ".\\Generated_Source\\PSoC4\\cytypes.h"
 266              		.file 4 ".\\Generated_Source\\PSoC4\\CyLib.h"
 267              		.section	.debug_info,"",%progbits
 268              	.Ldebug_info0:
 269 0000 8F020000 		.4byte	0x28f
 270 0004 0400     		.2byte	0x4
 271 0006 00000000 		.4byte	.Ldebug_abbrev0
 272 000a 04       		.byte	0x4
 273 000b 01       		.uleb128 0x1
 274 000c 88010000 		.4byte	.LASF28
 275 0010 01       		.byte	0x1
 276 0011 4D010000 		.4byte	.LASF29
 277 0015 05010000 		.4byte	.LASF30
 278 0019 00000000 		.4byte	.Ldebug_ranges0+0
 279 001d 00000000 		.4byte	0
 280 0021 00000000 		.4byte	.Ldebug_line0
 281 0025 02       		.uleb128 0x2
 282 0026 04       		.byte	0x4
ARM GAS  C:\Users\Dmytro\AppData\Local\Temp\ccKVRZAx.s 			page 11


 283 0027 05       		.byte	0x5
 284 0028 696E7400 		.ascii	"int\000"
 285 002c 03       		.uleb128 0x3
 286 002d 06000000 		.4byte	.LASF11
 287 0031 02       		.byte	0x2
 288 0032 D4       		.byte	0xd4
 289 0033 37000000 		.4byte	0x37
 290 0037 04       		.uleb128 0x4
 291 0038 04       		.byte	0x4
 292 0039 07       		.byte	0x7
 293 003a B2000000 		.4byte	.LASF0
 294 003e 04       		.uleb128 0x4
 295 003f 01       		.byte	0x1
 296 0040 06       		.byte	0x6
 297 0041 3E020000 		.4byte	.LASF1
 298 0045 04       		.uleb128 0x4
 299 0046 01       		.byte	0x1
 300 0047 08       		.byte	0x8
 301 0048 7C000000 		.4byte	.LASF2
 302 004c 04       		.uleb128 0x4
 303 004d 02       		.byte	0x2
 304 004e 05       		.byte	0x5
 305 004f 16020000 		.4byte	.LASF3
 306 0053 04       		.uleb128 0x4
 307 0054 02       		.byte	0x2
 308 0055 07       		.byte	0x7
 309 0056 37000000 		.4byte	.LASF4
 310 005a 04       		.uleb128 0x4
 311 005b 04       		.byte	0x4
 312 005c 05       		.byte	0x5
 313 005d 35020000 		.4byte	.LASF5
 314 0061 04       		.uleb128 0x4
 315 0062 04       		.byte	0x4
 316 0063 07       		.byte	0x7
 317 0064 5A000000 		.4byte	.LASF6
 318 0068 04       		.uleb128 0x4
 319 0069 08       		.byte	0x8
 320 006a 05       		.byte	0x5
 321 006b 75010000 		.4byte	.LASF7
 322 006f 04       		.uleb128 0x4
 323 0070 08       		.byte	0x8
 324 0071 07       		.byte	0x7
 325 0072 D4000000 		.4byte	.LASF8
 326 0076 04       		.uleb128 0x4
 327 0077 04       		.byte	0x4
 328 0078 07       		.byte	0x7
 329 0079 44010000 		.4byte	.LASF9
 330 007d 05       		.uleb128 0x5
 331 007e 04       		.byte	0x4
 332 007f 06       		.uleb128 0x6
 333 0080 04       		.byte	0x4
 334 0081 85000000 		.4byte	0x85
 335 0085 07       		.uleb128 0x7
 336 0086 04       		.uleb128 0x4
 337 0087 01       		.byte	0x1
 338 0088 08       		.byte	0x8
 339 0089 83010000 		.4byte	.LASF10
ARM GAS  C:\Users\Dmytro\AppData\Local\Temp\ccKVRZAx.s 			page 12


 340 008d 08       		.uleb128 0x8
 341 008e 6C000000 		.4byte	.LASF12
 342 0092 03       		.byte	0x3
 343 0093 9801     		.2byte	0x198
 344 0095 45000000 		.4byte	0x45
 345 0099 08       		.uleb128 0x8
 346 009a A4000000 		.4byte	.LASF13
 347 009e 03       		.byte	0x3
 348 009f 9901     		.2byte	0x199
 349 00a1 53000000 		.4byte	0x53
 350 00a5 08       		.uleb128 0x8
 351 00a6 AB000000 		.4byte	.LASF14
 352 00aa 03       		.byte	0x3
 353 00ab 9A01     		.2byte	0x19a
 354 00ad 61000000 		.4byte	0x61
 355 00b1 04       		.uleb128 0x4
 356 00b2 04       		.byte	0x4
 357 00b3 04       		.byte	0x4
 358 00b4 4A000000 		.4byte	.LASF15
 359 00b8 04       		.uleb128 0x4
 360 00b9 08       		.byte	0x8
 361 00ba 04       		.byte	0x4
 362 00bb 91000000 		.4byte	.LASF16
 363 00bf 08       		.uleb128 0x8
 364 00c0 55000000 		.4byte	.LASF17
 365 00c4 03       		.byte	0x3
 366 00c5 4202     		.2byte	0x242
 367 00c7 CB000000 		.4byte	0xcb
 368 00cb 09       		.uleb128 0x9
 369 00cc 8D000000 		.4byte	0x8d
 370 00d0 08       		.uleb128 0x8
 371 00d1 00000000 		.4byte	.LASF18
 372 00d5 03       		.byte	0x3
 373 00d6 4402     		.2byte	0x244
 374 00d8 DC000000 		.4byte	0xdc
 375 00dc 09       		.uleb128 0x9
 376 00dd A5000000 		.4byte	0xa5
 377 00e1 08       		.uleb128 0x8
 378 00e2 EB000000 		.4byte	.LASF19
 379 00e6 03       		.byte	0x3
 380 00e7 5402     		.2byte	0x254
 381 00e9 7F000000 		.4byte	0x7f
 382 00ed 0A       		.uleb128 0xa
 383 00ee 72000000 		.4byte	.LASF20
 384 00f2 01       		.byte	0x1
 385 00f3 3D       		.byte	0x3d
 386 00f4 00000000 		.4byte	.LFB0
 387 00f8 0C000000 		.4byte	.LFE0-.LFB0
 388 00fc 01       		.uleb128 0x1
 389 00fd 9C       		.byte	0x9c
 390 00fe 3A010000 		.4byte	0x13a
 391 0102 0B       		.uleb128 0xb
 392 0103 7300     		.ascii	"s\000"
 393 0105 01       		.byte	0x1
 394 0106 3D       		.byte	0x3d
 395 0107 7D000000 		.4byte	0x7d
 396 010b 00000000 		.4byte	.LLST0
ARM GAS  C:\Users\Dmytro\AppData\Local\Temp\ccKVRZAx.s 			page 13


 397 010f 0B       		.uleb128 0xb
 398 0110 6E00     		.ascii	"n\000"
 399 0112 01       		.byte	0x1
 400 0113 3D       		.byte	0x3d
 401 0114 2C000000 		.4byte	0x2c
 402 0118 21000000 		.4byte	.LLST1
 403 011c 0C       		.uleb128 0xc
 404 011d 0A000000 		.4byte	.LVL2
 405 0121 3D020000 		.4byte	0x23d
 406 0125 0D       		.uleb128 0xd
 407 0126 01       		.uleb128 0x1
 408 0127 52       		.byte	0x52
 409 0128 03       		.uleb128 0x3
 410 0129 F3       		.byte	0xf3
 411 012a 01       		.uleb128 0x1
 412 012b 51       		.byte	0x51
 413 012c 0D       		.uleb128 0xd
 414 012d 01       		.uleb128 0x1
 415 012e 51       		.byte	0x51
 416 012f 01       		.uleb128 0x1
 417 0130 30       		.byte	0x30
 418 0131 0D       		.uleb128 0xd
 419 0132 01       		.uleb128 0x1
 420 0133 50       		.byte	0x50
 421 0134 03       		.uleb128 0x3
 422 0135 F3       		.byte	0xf3
 423 0136 01       		.uleb128 0x1
 424 0137 50       		.byte	0x50
 425 0138 00       		.byte	0
 426 0139 00       		.byte	0
 427 013a 0A       		.uleb128 0xa
 428 013b 2C000000 		.4byte	.LASF21
 429 013f 01       		.byte	0x1
 430 0140 92       		.byte	0x92
 431 0141 00000000 		.4byte	.LFB3
 432 0145 5C000000 		.4byte	.LFE3-.LFB3
 433 0149 01       		.uleb128 0x1
 434 014a 9C       		.byte	0x9c
 435 014b 85010000 		.4byte	0x185
 436 014f 0E       		.uleb128 0xe
 437 0150 14000000 		.4byte	.LVL3
 438 0154 5A020000 		.4byte	0x25a
 439 0158 62010000 		.4byte	0x162
 440 015c 0D       		.uleb128 0xd
 441 015d 01       		.uleb128 0x1
 442 015e 50       		.byte	0x50
 443 015f 01       		.uleb128 0x1
 444 0160 48       		.byte	0x48
 445 0161 00       		.byte	0
 446 0162 0E       		.uleb128 0xe
 447 0163 34000000 		.4byte	.LVL4
 448 0167 6B020000 		.4byte	0x26b
 449 016b 75010000 		.4byte	0x175
 450 016f 0D       		.uleb128 0xd
 451 0170 01       		.uleb128 0x1
 452 0171 50       		.byte	0x50
 453 0172 01       		.uleb128 0x1
ARM GAS  C:\Users\Dmytro\AppData\Local\Temp\ccKVRZAx.s 			page 14


 454 0173 39       		.byte	0x39
 455 0174 00       		.byte	0
 456 0175 0C       		.uleb128 0xc
 457 0176 3A000000 		.4byte	.LVL5
 458 017a 85020000 		.4byte	0x285
 459 017e 0D       		.uleb128 0xd
 460 017f 01       		.uleb128 0x1
 461 0180 50       		.byte	0x50
 462 0181 01       		.uleb128 0x1
 463 0182 39       		.byte	0x39
 464 0183 00       		.byte	0
 465 0184 00       		.byte	0
 466 0185 0F       		.uleb128 0xf
 467 0186 BF000000 		.4byte	.LASF31
 468 018a 01       		.byte	0x1
 469 018b D7       		.byte	0xd7
 470 018c 5C000000 		.4byte	.LFB5
 471 0190 C8000000 		.4byte	.LFE5-.LFB5
 472 0194 01       		.uleb128 0x1
 473 0195 9C       		.byte	0x9c
 474 0196 3D020000 		.4byte	0x23d
 475 019a 10       		.uleb128 0x10
 476 019b 60000000 		.4byte	.LBB2
 477 019f 66000000 		.4byte	.LBE2-.LBB2
 478 01a3 33020000 		.4byte	0x233
 479 01a7 11       		.uleb128 0x11
 480 01a8 06       		.byte	0x6
 481 01a9 01       		.byte	0x1
 482 01aa DE       		.byte	0xde
 483 01ab C8010000 		.4byte	0x1c8
 484 01af 12       		.uleb128 0x12
 485 01b0 CC000000 		.4byte	.LASF22
 486 01b4 01       		.byte	0x1
 487 01b5 DF       		.byte	0xdf
 488 01b6 7D000000 		.4byte	0x7d
 489 01ba 00       		.byte	0
 490 01bb 12       		.uleb128 0x12
 491 01bc 50000000 		.4byte	.LASF23
 492 01c0 01       		.byte	0x1
 493 01c1 E0       		.byte	0xe0
 494 01c2 99000000 		.4byte	0x99
 495 01c6 04       		.byte	0x4
 496 01c7 00       		.byte	0
 497 01c8 03       		.uleb128 0x3
 498 01c9 F8000000 		.4byte	.LASF24
 499 01cd 01       		.byte	0x1
 500 01ce E1       		.byte	0xe1
 501 01cf A7010000 		.4byte	0x1a7
 502 01d3 13       		.uleb128 0x13
 503 01d4 C8010000 		.4byte	0x1c8
 504 01d8 E3010000 		.4byte	0x1e3
 505 01dc 14       		.uleb128 0x14
 506 01dd 76000000 		.4byte	0x76
 507 01e1 01       		.byte	0x1
 508 01e2 00       		.byte	0
 509 01e3 15       		.uleb128 0x15
 510 01e4 1C000000 		.4byte	.LASF25
ARM GAS  C:\Users\Dmytro\AppData\Local\Temp\ccKVRZAx.s 			page 15


 511 01e8 01       		.byte	0x1
 512 01e9 E3       		.byte	0xe3
 513 01ea F4010000 		.4byte	0x1f4
 514 01ee 05       		.uleb128 0x5
 515 01ef 03       		.byte	0x3
 516 01f0 00000000 		.4byte	cfg_memset_list.4723
 517 01f4 16       		.uleb128 0x16
 518 01f5 D3010000 		.4byte	0x1d3
 519 01f9 17       		.uleb128 0x17
 520 01fa 6900     		.ascii	"i\000"
 521 01fc 01       		.byte	0x1
 522 01fd E9       		.byte	0xe9
 523 01fe 8D000000 		.4byte	0x8d
 524 0202 4D000000 		.4byte	.LLST2
 525 0206 18       		.uleb128 0x18
 526 0207 64000000 		.4byte	.LBB3
 527 020b 1E000000 		.4byte	.LBE3-.LBB3
 528 020f 17       		.uleb128 0x17
 529 0210 6D7300   		.ascii	"ms\000"
 530 0213 01       		.byte	0x1
 531 0214 EE       		.byte	0xee
 532 0215 1D020000 		.4byte	0x21d
 533 0219 77000000 		.4byte	.LLST3
 534 021d 06       		.uleb128 0x6
 535 021e 04       		.byte	0x4
 536 021f 23020000 		.4byte	0x223
 537 0223 16       		.uleb128 0x16
 538 0224 C8010000 		.4byte	0x1c8
 539 0228 19       		.uleb128 0x19
 540 0229 82000000 		.4byte	.LVL8
 541 022d ED000000 		.4byte	0xed
 542 0231 00       		.byte	0
 543 0232 00       		.byte	0
 544 0233 19       		.uleb128 0x19
 545 0234 E8000000 		.4byte	.LVL11
 546 0238 3A010000 		.4byte	0x13a
 547 023c 00       		.byte	0
 548 023d 1A       		.uleb128 0x1a
 549 023e 8A000000 		.4byte	.LASF26
 550 0242 7D000000 		.4byte	0x7d
 551 0246 5A020000 		.4byte	0x25a
 552 024a 1B       		.uleb128 0x1b
 553 024b 7D000000 		.4byte	0x7d
 554 024f 1B       		.uleb128 0x1b
 555 0250 25000000 		.4byte	0x25
 556 0254 1B       		.uleb128 0x1b
 557 0255 76000000 		.4byte	0x76
 558 0259 00       		.byte	0
 559 025a 1C       		.uleb128 0x1c
 560 025b 20020000 		.4byte	.LASF27
 561 025f 04       		.byte	0x4
 562 0260 6C       		.byte	0x6c
 563 0261 6B020000 		.4byte	0x26b
 564 0265 1B       		.uleb128 0x1b
 565 0266 A5000000 		.4byte	0xa5
 566 026a 00       		.byte	0
 567 026b 1D       		.uleb128 0x1d
ARM GAS  C:\Users\Dmytro\AppData\Local\Temp\ccKVRZAx.s 			page 16


 568 026c 0D000000 		.4byte	.LASF32
 569 0270 04       		.byte	0x4
 570 0271 BB       		.byte	0xbb
 571 0272 E1000000 		.4byte	0xe1
 572 0276 85020000 		.4byte	0x285
 573 027a 1B       		.uleb128 0x1b
 574 027b 8D000000 		.4byte	0x8d
 575 027f 1B       		.uleb128 0x1b
 576 0280 E1000000 		.4byte	0xe1
 577 0284 00       		.byte	0
 578 0285 1E       		.uleb128 0x1e
 579 0286 98000000 		.4byte	.LASF33
 580 028a 04       		.byte	0x4
 581 028b C1       		.byte	0xc1
 582 028c 1B       		.uleb128 0x1b
 583 028d 8D000000 		.4byte	0x8d
 584 0291 00       		.byte	0
 585 0292 00       		.byte	0
 586              		.section	.debug_abbrev,"",%progbits
 587              	.Ldebug_abbrev0:
 588 0000 01       		.uleb128 0x1
 589 0001 11       		.uleb128 0x11
 590 0002 01       		.byte	0x1
 591 0003 25       		.uleb128 0x25
 592 0004 0E       		.uleb128 0xe
 593 0005 13       		.uleb128 0x13
 594 0006 0B       		.uleb128 0xb
 595 0007 03       		.uleb128 0x3
 596 0008 0E       		.uleb128 0xe
 597 0009 1B       		.uleb128 0x1b
 598 000a 0E       		.uleb128 0xe
 599 000b 55       		.uleb128 0x55
 600 000c 17       		.uleb128 0x17
 601 000d 11       		.uleb128 0x11
 602 000e 01       		.uleb128 0x1
 603 000f 10       		.uleb128 0x10
 604 0010 17       		.uleb128 0x17
 605 0011 00       		.byte	0
 606 0012 00       		.byte	0
 607 0013 02       		.uleb128 0x2
 608 0014 24       		.uleb128 0x24
 609 0015 00       		.byte	0
 610 0016 0B       		.uleb128 0xb
 611 0017 0B       		.uleb128 0xb
 612 0018 3E       		.uleb128 0x3e
 613 0019 0B       		.uleb128 0xb
 614 001a 03       		.uleb128 0x3
 615 001b 08       		.uleb128 0x8
 616 001c 00       		.byte	0
 617 001d 00       		.byte	0
 618 001e 03       		.uleb128 0x3
 619 001f 16       		.uleb128 0x16
 620 0020 00       		.byte	0
 621 0021 03       		.uleb128 0x3
 622 0022 0E       		.uleb128 0xe
 623 0023 3A       		.uleb128 0x3a
 624 0024 0B       		.uleb128 0xb
ARM GAS  C:\Users\Dmytro\AppData\Local\Temp\ccKVRZAx.s 			page 17


 625 0025 3B       		.uleb128 0x3b
 626 0026 0B       		.uleb128 0xb
 627 0027 49       		.uleb128 0x49
 628 0028 13       		.uleb128 0x13
 629 0029 00       		.byte	0
 630 002a 00       		.byte	0
 631 002b 04       		.uleb128 0x4
 632 002c 24       		.uleb128 0x24
 633 002d 00       		.byte	0
 634 002e 0B       		.uleb128 0xb
 635 002f 0B       		.uleb128 0xb
 636 0030 3E       		.uleb128 0x3e
 637 0031 0B       		.uleb128 0xb
 638 0032 03       		.uleb128 0x3
 639 0033 0E       		.uleb128 0xe
 640 0034 00       		.byte	0
 641 0035 00       		.byte	0
 642 0036 05       		.uleb128 0x5
 643 0037 0F       		.uleb128 0xf
 644 0038 00       		.byte	0
 645 0039 0B       		.uleb128 0xb
 646 003a 0B       		.uleb128 0xb
 647 003b 00       		.byte	0
 648 003c 00       		.byte	0
 649 003d 06       		.uleb128 0x6
 650 003e 0F       		.uleb128 0xf
 651 003f 00       		.byte	0
 652 0040 0B       		.uleb128 0xb
 653 0041 0B       		.uleb128 0xb
 654 0042 49       		.uleb128 0x49
 655 0043 13       		.uleb128 0x13
 656 0044 00       		.byte	0
 657 0045 00       		.byte	0
 658 0046 07       		.uleb128 0x7
 659 0047 15       		.uleb128 0x15
 660 0048 00       		.byte	0
 661 0049 27       		.uleb128 0x27
 662 004a 19       		.uleb128 0x19
 663 004b 00       		.byte	0
 664 004c 00       		.byte	0
 665 004d 08       		.uleb128 0x8
 666 004e 16       		.uleb128 0x16
 667 004f 00       		.byte	0
 668 0050 03       		.uleb128 0x3
 669 0051 0E       		.uleb128 0xe
 670 0052 3A       		.uleb128 0x3a
 671 0053 0B       		.uleb128 0xb
 672 0054 3B       		.uleb128 0x3b
 673 0055 05       		.uleb128 0x5
 674 0056 49       		.uleb128 0x49
 675 0057 13       		.uleb128 0x13
 676 0058 00       		.byte	0
 677 0059 00       		.byte	0
 678 005a 09       		.uleb128 0x9
 679 005b 35       		.uleb128 0x35
 680 005c 00       		.byte	0
 681 005d 49       		.uleb128 0x49
ARM GAS  C:\Users\Dmytro\AppData\Local\Temp\ccKVRZAx.s 			page 18


 682 005e 13       		.uleb128 0x13
 683 005f 00       		.byte	0
 684 0060 00       		.byte	0
 685 0061 0A       		.uleb128 0xa
 686 0062 2E       		.uleb128 0x2e
 687 0063 01       		.byte	0x1
 688 0064 03       		.uleb128 0x3
 689 0065 0E       		.uleb128 0xe
 690 0066 3A       		.uleb128 0x3a
 691 0067 0B       		.uleb128 0xb
 692 0068 3B       		.uleb128 0x3b
 693 0069 0B       		.uleb128 0xb
 694 006a 27       		.uleb128 0x27
 695 006b 19       		.uleb128 0x19
 696 006c 11       		.uleb128 0x11
 697 006d 01       		.uleb128 0x1
 698 006e 12       		.uleb128 0x12
 699 006f 06       		.uleb128 0x6
 700 0070 40       		.uleb128 0x40
 701 0071 18       		.uleb128 0x18
 702 0072 9742     		.uleb128 0x2117
 703 0074 19       		.uleb128 0x19
 704 0075 01       		.uleb128 0x1
 705 0076 13       		.uleb128 0x13
 706 0077 00       		.byte	0
 707 0078 00       		.byte	0
 708 0079 0B       		.uleb128 0xb
 709 007a 05       		.uleb128 0x5
 710 007b 00       		.byte	0
 711 007c 03       		.uleb128 0x3
 712 007d 08       		.uleb128 0x8
 713 007e 3A       		.uleb128 0x3a
 714 007f 0B       		.uleb128 0xb
 715 0080 3B       		.uleb128 0x3b
 716 0081 0B       		.uleb128 0xb
 717 0082 49       		.uleb128 0x49
 718 0083 13       		.uleb128 0x13
 719 0084 02       		.uleb128 0x2
 720 0085 17       		.uleb128 0x17
 721 0086 00       		.byte	0
 722 0087 00       		.byte	0
 723 0088 0C       		.uleb128 0xc
 724 0089 898201   		.uleb128 0x4109
 725 008c 01       		.byte	0x1
 726 008d 11       		.uleb128 0x11
 727 008e 01       		.uleb128 0x1
 728 008f 31       		.uleb128 0x31
 729 0090 13       		.uleb128 0x13
 730 0091 00       		.byte	0
 731 0092 00       		.byte	0
 732 0093 0D       		.uleb128 0xd
 733 0094 8A8201   		.uleb128 0x410a
 734 0097 00       		.byte	0
 735 0098 02       		.uleb128 0x2
 736 0099 18       		.uleb128 0x18
 737 009a 9142     		.uleb128 0x2111
 738 009c 18       		.uleb128 0x18
ARM GAS  C:\Users\Dmytro\AppData\Local\Temp\ccKVRZAx.s 			page 19


 739 009d 00       		.byte	0
 740 009e 00       		.byte	0
 741 009f 0E       		.uleb128 0xe
 742 00a0 898201   		.uleb128 0x4109
 743 00a3 01       		.byte	0x1
 744 00a4 11       		.uleb128 0x11
 745 00a5 01       		.uleb128 0x1
 746 00a6 31       		.uleb128 0x31
 747 00a7 13       		.uleb128 0x13
 748 00a8 01       		.uleb128 0x1
 749 00a9 13       		.uleb128 0x13
 750 00aa 00       		.byte	0
 751 00ab 00       		.byte	0
 752 00ac 0F       		.uleb128 0xf
 753 00ad 2E       		.uleb128 0x2e
 754 00ae 01       		.byte	0x1
 755 00af 3F       		.uleb128 0x3f
 756 00b0 19       		.uleb128 0x19
 757 00b1 03       		.uleb128 0x3
 758 00b2 0E       		.uleb128 0xe
 759 00b3 3A       		.uleb128 0x3a
 760 00b4 0B       		.uleb128 0xb
 761 00b5 3B       		.uleb128 0x3b
 762 00b6 0B       		.uleb128 0xb
 763 00b7 27       		.uleb128 0x27
 764 00b8 19       		.uleb128 0x19
 765 00b9 11       		.uleb128 0x11
 766 00ba 01       		.uleb128 0x1
 767 00bb 12       		.uleb128 0x12
 768 00bc 06       		.uleb128 0x6
 769 00bd 40       		.uleb128 0x40
 770 00be 18       		.uleb128 0x18
 771 00bf 9742     		.uleb128 0x2117
 772 00c1 19       		.uleb128 0x19
 773 00c2 01       		.uleb128 0x1
 774 00c3 13       		.uleb128 0x13
 775 00c4 00       		.byte	0
 776 00c5 00       		.byte	0
 777 00c6 10       		.uleb128 0x10
 778 00c7 0B       		.uleb128 0xb
 779 00c8 01       		.byte	0x1
 780 00c9 11       		.uleb128 0x11
 781 00ca 01       		.uleb128 0x1
 782 00cb 12       		.uleb128 0x12
 783 00cc 06       		.uleb128 0x6
 784 00cd 01       		.uleb128 0x1
 785 00ce 13       		.uleb128 0x13
 786 00cf 00       		.byte	0
 787 00d0 00       		.byte	0
 788 00d1 11       		.uleb128 0x11
 789 00d2 13       		.uleb128 0x13
 790 00d3 01       		.byte	0x1
 791 00d4 0B       		.uleb128 0xb
 792 00d5 0B       		.uleb128 0xb
 793 00d6 3A       		.uleb128 0x3a
 794 00d7 0B       		.uleb128 0xb
 795 00d8 3B       		.uleb128 0x3b
ARM GAS  C:\Users\Dmytro\AppData\Local\Temp\ccKVRZAx.s 			page 20


 796 00d9 0B       		.uleb128 0xb
 797 00da 01       		.uleb128 0x1
 798 00db 13       		.uleb128 0x13
 799 00dc 00       		.byte	0
 800 00dd 00       		.byte	0
 801 00de 12       		.uleb128 0x12
 802 00df 0D       		.uleb128 0xd
 803 00e0 00       		.byte	0
 804 00e1 03       		.uleb128 0x3
 805 00e2 0E       		.uleb128 0xe
 806 00e3 3A       		.uleb128 0x3a
 807 00e4 0B       		.uleb128 0xb
 808 00e5 3B       		.uleb128 0x3b
 809 00e6 0B       		.uleb128 0xb
 810 00e7 49       		.uleb128 0x49
 811 00e8 13       		.uleb128 0x13
 812 00e9 38       		.uleb128 0x38
 813 00ea 0B       		.uleb128 0xb
 814 00eb 00       		.byte	0
 815 00ec 00       		.byte	0
 816 00ed 13       		.uleb128 0x13
 817 00ee 01       		.uleb128 0x1
 818 00ef 01       		.byte	0x1
 819 00f0 49       		.uleb128 0x49
 820 00f1 13       		.uleb128 0x13
 821 00f2 01       		.uleb128 0x1
 822 00f3 13       		.uleb128 0x13
 823 00f4 00       		.byte	0
 824 00f5 00       		.byte	0
 825 00f6 14       		.uleb128 0x14
 826 00f7 21       		.uleb128 0x21
 827 00f8 00       		.byte	0
 828 00f9 49       		.uleb128 0x49
 829 00fa 13       		.uleb128 0x13
 830 00fb 2F       		.uleb128 0x2f
 831 00fc 0B       		.uleb128 0xb
 832 00fd 00       		.byte	0
 833 00fe 00       		.byte	0
 834 00ff 15       		.uleb128 0x15
 835 0100 34       		.uleb128 0x34
 836 0101 00       		.byte	0
 837 0102 03       		.uleb128 0x3
 838 0103 0E       		.uleb128 0xe
 839 0104 3A       		.uleb128 0x3a
 840 0105 0B       		.uleb128 0xb
 841 0106 3B       		.uleb128 0x3b
 842 0107 0B       		.uleb128 0xb
 843 0108 49       		.uleb128 0x49
 844 0109 13       		.uleb128 0x13
 845 010a 02       		.uleb128 0x2
 846 010b 18       		.uleb128 0x18
 847 010c 00       		.byte	0
 848 010d 00       		.byte	0
 849 010e 16       		.uleb128 0x16
 850 010f 26       		.uleb128 0x26
 851 0110 00       		.byte	0
 852 0111 49       		.uleb128 0x49
ARM GAS  C:\Users\Dmytro\AppData\Local\Temp\ccKVRZAx.s 			page 21


 853 0112 13       		.uleb128 0x13
 854 0113 00       		.byte	0
 855 0114 00       		.byte	0
 856 0115 17       		.uleb128 0x17
 857 0116 34       		.uleb128 0x34
 858 0117 00       		.byte	0
 859 0118 03       		.uleb128 0x3
 860 0119 08       		.uleb128 0x8
 861 011a 3A       		.uleb128 0x3a
 862 011b 0B       		.uleb128 0xb
 863 011c 3B       		.uleb128 0x3b
 864 011d 0B       		.uleb128 0xb
 865 011e 49       		.uleb128 0x49
 866 011f 13       		.uleb128 0x13
 867 0120 02       		.uleb128 0x2
 868 0121 17       		.uleb128 0x17
 869 0122 00       		.byte	0
 870 0123 00       		.byte	0
 871 0124 18       		.uleb128 0x18
 872 0125 0B       		.uleb128 0xb
 873 0126 01       		.byte	0x1
 874 0127 11       		.uleb128 0x11
 875 0128 01       		.uleb128 0x1
 876 0129 12       		.uleb128 0x12
 877 012a 06       		.uleb128 0x6
 878 012b 00       		.byte	0
 879 012c 00       		.byte	0
 880 012d 19       		.uleb128 0x19
 881 012e 898201   		.uleb128 0x4109
 882 0131 00       		.byte	0
 883 0132 11       		.uleb128 0x11
 884 0133 01       		.uleb128 0x1
 885 0134 31       		.uleb128 0x31
 886 0135 13       		.uleb128 0x13
 887 0136 00       		.byte	0
 888 0137 00       		.byte	0
 889 0138 1A       		.uleb128 0x1a
 890 0139 2E       		.uleb128 0x2e
 891 013a 01       		.byte	0x1
 892 013b 3F       		.uleb128 0x3f
 893 013c 19       		.uleb128 0x19
 894 013d 03       		.uleb128 0x3
 895 013e 0E       		.uleb128 0xe
 896 013f 27       		.uleb128 0x27
 897 0140 19       		.uleb128 0x19
 898 0141 49       		.uleb128 0x49
 899 0142 13       		.uleb128 0x13
 900 0143 34       		.uleb128 0x34
 901 0144 19       		.uleb128 0x19
 902 0145 3C       		.uleb128 0x3c
 903 0146 19       		.uleb128 0x19
 904 0147 01       		.uleb128 0x1
 905 0148 13       		.uleb128 0x13
 906 0149 00       		.byte	0
 907 014a 00       		.byte	0
 908 014b 1B       		.uleb128 0x1b
 909 014c 05       		.uleb128 0x5
ARM GAS  C:\Users\Dmytro\AppData\Local\Temp\ccKVRZAx.s 			page 22


 910 014d 00       		.byte	0
 911 014e 49       		.uleb128 0x49
 912 014f 13       		.uleb128 0x13
 913 0150 00       		.byte	0
 914 0151 00       		.byte	0
 915 0152 1C       		.uleb128 0x1c
 916 0153 2E       		.uleb128 0x2e
 917 0154 01       		.byte	0x1
 918 0155 3F       		.uleb128 0x3f
 919 0156 19       		.uleb128 0x19
 920 0157 03       		.uleb128 0x3
 921 0158 0E       		.uleb128 0xe
 922 0159 3A       		.uleb128 0x3a
 923 015a 0B       		.uleb128 0xb
 924 015b 3B       		.uleb128 0x3b
 925 015c 0B       		.uleb128 0xb
 926 015d 27       		.uleb128 0x27
 927 015e 19       		.uleb128 0x19
 928 015f 3C       		.uleb128 0x3c
 929 0160 19       		.uleb128 0x19
 930 0161 01       		.uleb128 0x1
 931 0162 13       		.uleb128 0x13
 932 0163 00       		.byte	0
 933 0164 00       		.byte	0
 934 0165 1D       		.uleb128 0x1d
 935 0166 2E       		.uleb128 0x2e
 936 0167 01       		.byte	0x1
 937 0168 3F       		.uleb128 0x3f
 938 0169 19       		.uleb128 0x19
 939 016a 03       		.uleb128 0x3
 940 016b 0E       		.uleb128 0xe
 941 016c 3A       		.uleb128 0x3a
 942 016d 0B       		.uleb128 0xb
 943 016e 3B       		.uleb128 0x3b
 944 016f 0B       		.uleb128 0xb
 945 0170 27       		.uleb128 0x27
 946 0171 19       		.uleb128 0x19
 947 0172 49       		.uleb128 0x49
 948 0173 13       		.uleb128 0x13
 949 0174 3C       		.uleb128 0x3c
 950 0175 19       		.uleb128 0x19
 951 0176 01       		.uleb128 0x1
 952 0177 13       		.uleb128 0x13
 953 0178 00       		.byte	0
 954 0179 00       		.byte	0
 955 017a 1E       		.uleb128 0x1e
 956 017b 2E       		.uleb128 0x2e
 957 017c 01       		.byte	0x1
 958 017d 3F       		.uleb128 0x3f
 959 017e 19       		.uleb128 0x19
 960 017f 03       		.uleb128 0x3
 961 0180 0E       		.uleb128 0xe
 962 0181 3A       		.uleb128 0x3a
 963 0182 0B       		.uleb128 0xb
 964 0183 3B       		.uleb128 0x3b
 965 0184 0B       		.uleb128 0xb
 966 0185 27       		.uleb128 0x27
ARM GAS  C:\Users\Dmytro\AppData\Local\Temp\ccKVRZAx.s 			page 23


 967 0186 19       		.uleb128 0x19
 968 0187 3C       		.uleb128 0x3c
 969 0188 19       		.uleb128 0x19
 970 0189 00       		.byte	0
 971 018a 00       		.byte	0
 972 018b 00       		.byte	0
 973              		.section	.debug_loc,"",%progbits
 974              	.Ldebug_loc0:
 975              	.LLST0:
 976 0000 00000000 		.4byte	.LVL0
 977 0004 09000000 		.4byte	.LVL2-1
 978 0008 0100     		.2byte	0x1
 979 000a 50       		.byte	0x50
 980 000b 09000000 		.4byte	.LVL2-1
 981 000f 0C000000 		.4byte	.LFE0
 982 0013 0400     		.2byte	0x4
 983 0015 F3       		.byte	0xf3
 984 0016 01       		.uleb128 0x1
 985 0017 50       		.byte	0x50
 986 0018 9F       		.byte	0x9f
 987 0019 00000000 		.4byte	0
 988 001d 00000000 		.4byte	0
 989              	.LLST1:
 990 0021 00000000 		.4byte	.LVL0
 991 0025 06000000 		.4byte	.LVL1
 992 0029 0100     		.2byte	0x1
 993 002b 51       		.byte	0x51
 994 002c 06000000 		.4byte	.LVL1
 995 0030 09000000 		.4byte	.LVL2-1
 996 0034 0100     		.2byte	0x1
 997 0036 52       		.byte	0x52
 998 0037 09000000 		.4byte	.LVL2-1
 999 003b 0C000000 		.4byte	.LFE0
 1000 003f 0400     		.2byte	0x4
 1001 0041 F3       		.byte	0xf3
 1002 0042 01       		.uleb128 0x1
 1003 0043 51       		.byte	0x51
 1004 0044 9F       		.byte	0x9f
 1005 0045 00000000 		.4byte	0
 1006 0049 00000000 		.4byte	0
 1007              	.LLST2:
 1008 004d 60000000 		.4byte	.LVL6
 1009 0051 64000000 		.4byte	.LVL7
 1010 0055 0200     		.2byte	0x2
 1011 0057 30       		.byte	0x30
 1012 0058 9F       		.byte	0x9f
 1013 0059 64000000 		.4byte	.LVL7
 1014 005d 84000000 		.4byte	.LVL9
 1015 0061 0100     		.2byte	0x1
 1016 0063 54       		.byte	0x54
 1017 0064 86000000 		.4byte	.LVL10
 1018 0068 E8000000 		.4byte	.LVL12
 1019 006c 0100     		.2byte	0x1
 1020 006e 54       		.byte	0x54
 1021 006f 00000000 		.4byte	0
 1022 0073 00000000 		.4byte	0
 1023              	.LLST3:
ARM GAS  C:\Users\Dmytro\AppData\Local\Temp\ccKVRZAx.s 			page 24


 1024 0077 64000000 		.4byte	.LVL7
 1025 007b 84000000 		.4byte	.LVL9
 1026 007f 0B00     		.2byte	0xb
 1027 0081 74       		.byte	0x74
 1028 0082 00       		.sleb128 0
 1029 0083 36       		.byte	0x36
 1030 0084 1E       		.byte	0x1e
 1031 0085 03       		.byte	0x3
 1032 0086 00000000 		.4byte	cfg_memset_list.4723
 1033 008a 22       		.byte	0x22
 1034 008b 9F       		.byte	0x9f
 1035 008c 84000000 		.4byte	.LVL9
 1036 0090 86000000 		.4byte	.LVL10
 1037 0094 0B00     		.2byte	0xb
 1038 0096 74       		.byte	0x74
 1039 0097 7F       		.sleb128 -1
 1040 0098 36       		.byte	0x36
 1041 0099 1E       		.byte	0x1e
 1042 009a 03       		.byte	0x3
 1043 009b 00000000 		.4byte	cfg_memset_list.4723
 1044 009f 22       		.byte	0x22
 1045 00a0 9F       		.byte	0x9f
 1046 00a1 00000000 		.4byte	0
 1047 00a5 00000000 		.4byte	0
 1048              		.section	.debug_aranges,"",%progbits
 1049 0000 2C000000 		.4byte	0x2c
 1050 0004 0200     		.2byte	0x2
 1051 0006 00000000 		.4byte	.Ldebug_info0
 1052 000a 04       		.byte	0x4
 1053 000b 00       		.byte	0
 1054 000c 0000     		.2byte	0
 1055 000e 0000     		.2byte	0
 1056 0010 00000000 		.4byte	.LFB0
 1057 0014 0C000000 		.4byte	.LFE0-.LFB0
 1058 0018 00000000 		.4byte	.LFB3
 1059 001c 5C000000 		.4byte	.LFE3-.LFB3
 1060 0020 5C000000 		.4byte	.LFB5
 1061 0024 C8000000 		.4byte	.LFE5-.LFB5
 1062 0028 00000000 		.4byte	0
 1063 002c 00000000 		.4byte	0
 1064              		.section	.debug_ranges,"",%progbits
 1065              	.Ldebug_ranges0:
 1066 0000 00000000 		.4byte	.LFB0
 1067 0004 0C000000 		.4byte	.LFE0
 1068 0008 00000000 		.4byte	.LFB3
 1069 000c 5C000000 		.4byte	.LFE3
 1070 0010 5C000000 		.4byte	.LFB5
 1071 0014 24010000 		.4byte	.LFE5
 1072 0018 00000000 		.4byte	0
 1073 001c 00000000 		.4byte	0
 1074              		.section	.debug_line,"",%progbits
 1075              	.Ldebug_line0:
 1076 0000 30010000 		.section	.debug_str,"MS",%progbits,1
 1076      0200D800 
 1076      00000201 
 1076      FB0E0D00 
 1076      01010101 
ARM GAS  C:\Users\Dmytro\AppData\Local\Temp\ccKVRZAx.s 			page 25


 1077              	.LASF18:
 1078 0000 72656733 		.ascii	"reg32\000"
 1078      3200
 1079              	.LASF11:
 1080 0006 73697A65 		.ascii	"size_t\000"
 1080      5F7400
 1081              	.LASF32:
 1082 000d 4379496E 		.ascii	"CyIntSetVector\000"
 1082      74536574 
 1082      56656374 
 1082      6F7200
 1083              	.LASF25:
 1084 001c 6366675F 		.ascii	"cfg_memset_list\000"
 1084      6D656D73 
 1084      65745F6C 
 1084      69737400 
 1085              	.LASF21:
 1086 002c 436C6F63 		.ascii	"ClockSetup\000"
 1086      6B536574 
 1086      757000
 1087              	.LASF4:
 1088 0037 73686F72 		.ascii	"short unsigned int\000"
 1088      7420756E 
 1088      7369676E 
 1088      65642069 
 1088      6E7400
 1089              	.LASF15:
 1090 004a 666C6F61 		.ascii	"float\000"
 1090      7400
 1091              	.LASF23:
 1092 0050 73697A65 		.ascii	"size\000"
 1092      00
 1093              	.LASF17:
 1094 0055 72656738 		.ascii	"reg8\000"
 1094      00
 1095              	.LASF6:
 1096 005a 6C6F6E67 		.ascii	"long unsigned int\000"
 1096      20756E73 
 1096      69676E65 
 1096      6420696E 
 1096      7400
 1097              	.LASF12:
 1098 006c 75696E74 		.ascii	"uint8\000"
 1098      3800
 1099              	.LASF20:
 1100 0072 43594D45 		.ascii	"CYMEMZERO\000"
 1100      4D5A4552 
 1100      4F00
 1101              	.LASF2:
 1102 007c 756E7369 		.ascii	"unsigned char\000"
 1102      676E6564 
 1102      20636861 
 1102      7200
 1103              	.LASF26:
 1104 008a 6D656D73 		.ascii	"memset\000"
 1104      657400
 1105              	.LASF16:
ARM GAS  C:\Users\Dmytro\AppData\Local\Temp\ccKVRZAx.s 			page 26


 1106 0091 646F7562 		.ascii	"double\000"
 1106      6C6500
 1107              	.LASF33:
 1108 0098 4379496E 		.ascii	"CyIntEnable\000"
 1108      74456E61 
 1108      626C6500 
 1109              	.LASF13:
 1110 00a4 75696E74 		.ascii	"uint16\000"
 1110      313600
 1111              	.LASF14:
 1112 00ab 75696E74 		.ascii	"uint32\000"
 1112      333200
 1113              	.LASF0:
 1114 00b2 756E7369 		.ascii	"unsigned int\000"
 1114      676E6564 
 1114      20696E74 
 1114      00
 1115              	.LASF31:
 1116 00bf 63796669 		.ascii	"cyfitter_cfg\000"
 1116      74746572 
 1116      5F636667 
 1116      00
 1117              	.LASF22:
 1118 00cc 61646472 		.ascii	"address\000"
 1118      65737300 
 1119              	.LASF8:
 1120 00d4 6C6F6E67 		.ascii	"long long unsigned int\000"
 1120      206C6F6E 
 1120      6720756E 
 1120      7369676E 
 1120      65642069 
 1121              	.LASF19:
 1122 00eb 63796973 		.ascii	"cyisraddress\000"
 1122      72616464 
 1122      72657373 
 1122      00
 1123              	.LASF24:
 1124 00f8 6366675F 		.ascii	"cfg_memset_t\000"
 1124      6D656D73 
 1124      65745F74 
 1124      00
 1125              	.LASF30:
 1126 0105 433A5C55 		.ascii	"C:\\Users\\Dmytro\\Documents\\PSoC Creator\\dc_moto"
 1126      73657273 
 1126      5C446D79 
 1126      74726F5C 
 1126      446F6375 
 1127 0133 725C4465 		.ascii	"r\\Design01.cydsn\000"
 1127      7369676E 
 1127      30312E63 
 1127      7964736E 
 1127      00
 1128              	.LASF9:
 1129 0144 73697A65 		.ascii	"sizetype\000"
 1129      74797065 
 1129      00
 1130              	.LASF29:
ARM GAS  C:\Users\Dmytro\AppData\Local\Temp\ccKVRZAx.s 			page 27


 1131 014d 2E5C4765 		.ascii	".\\Generated_Source\\PSoC4\\cyfitter_cfg.c\000"
 1131      6E657261 
 1131      7465645F 
 1131      536F7572 
 1131      63655C50 
 1132              	.LASF7:
 1133 0175 6C6F6E67 		.ascii	"long long int\000"
 1133      206C6F6E 
 1133      6720696E 
 1133      7400
 1134              	.LASF10:
 1135 0183 63686172 		.ascii	"char\000"
 1135      00
 1136              	.LASF28:
 1137 0188 474E5520 		.ascii	"GNU C 4.9.3 20150303 (release) [ARM/embedded-4_9-br"
 1137      4320342E 
 1137      392E3320 
 1137      32303135 
 1137      30333033 
 1138 01bb 616E6368 		.ascii	"anch revision 221220] -mcpu=cortex-m0 -mthumb -g -O"
 1138      20726576 
 1138      6973696F 
 1138      6E203232 
 1138      31323230 
 1139 01ee 67202D66 		.ascii	"g -ffunction-sections -ffat-lto-objects\000"
 1139      66756E63 
 1139      74696F6E 
 1139      2D736563 
 1139      74696F6E 
 1140              	.LASF3:
 1141 0216 73686F72 		.ascii	"short int\000"
 1141      7420696E 
 1141      7400
 1142              	.LASF27:
 1143 0220 43795379 		.ascii	"CySysClkWriteImoFreq\000"
 1143      73436C6B 
 1143      57726974 
 1143      65496D6F 
 1143      46726571 
 1144              	.LASF5:
 1145 0235 6C6F6E67 		.ascii	"long int\000"
 1145      20696E74 
 1145      00
 1146              	.LASF1:
 1147 023e 7369676E 		.ascii	"signed char\000"
 1147      65642063 
 1147      68617200 
 1148              		.ident	"GCC: (GNU Tools for ARM Embedded Processors) 4.9.3 20150303 (release) [ARM/embedded-4_9-br
